// Jest Snapshot v1, https://goo.gl/fbAQLP

exports[`Message Snaphot 1`] = `
<div>
  <li>
    <b>
      :
    </b>
  </li>
</div>
`;
